terraria|terraria.yml|-|terraria terraria-bridge|1|1|plugin|TShock server + Takaro events plugin (Takaro connects over TShock REST)|terraria
minecraft-paper|minecraft.yml|paper|paper|3|2|connector|Paper 1.21.x + Takaro Paper plugin|minecraft/paper
minecraft-neoforge|minecraft.yml|neoforge|neoforge|3|2|connector|NeoForge 1.21.x + Takaro NeoForge mod|minecraft/neoforge
minecraft-fabric|minecraft.yml|fabric|fabric|3|2|connector|Fabric (catalog target) + Takaro Fabric mod|minecraft/fabric
minecraft-fabric-26.1.2|minecraft.yml|fabric-26-1-2|fabric-26-1-2|3|2|connector|Fabric 26.1.2 (catalog target) + Takaro Fabric mod|minecraft/fabric-26.1.2
valheim|valheim.yml|-|valheim|4|6|connector|Valheim + BepInEx + Takaro Valheim plugin|valheim
dayz|dayz.yml|-|dayz dayz-takaro|6|4|sidecar|DayZ (Linux, app 223350) + @TakaroIntegration mod + Takaro TypeScript sidecar|dayz
dragonwilds|dragonwilds.yml|-|dragonwilds dragonwilds-takaro|4|8|sidecar|RuneScape: Dragonwilds (Linux, app 4019830) + Takaro LD_PRELOAD plugin + TypeScript sidecar|dragonwilds-dev
vein|vein.yml|-|vein vein-takaro|4|20|sidecar|VEIN (Linux, app 2131400) + Takaro LD_PRELOAD plugin + TS sidecar|vein-dev
rust|rust.yml|-|rust|8|12|connector|Rust + Carbon + TakaroConnector.cs|rust
7d2d|7d2d.yml|-|7d2d|8|32|connector|7 Days to Die + Takaro mod|7d2d
zomboid|zomboid.yml|-|zomboid|8|16|connector|Project Zomboid B42 + Takaro javaagent|zomboid
palworld|palworld.yml|-|palworld palworld-bridge|12|6|bridge|Palworld + third-party Takaro bridge (REST only)|palworld
conan-exiles|conan-exiles.yml|-|conan-exiles conan-bridge|12|6|sidecar|Conan Exiles + Takaro TypeScript sidecar|conan-exiles
ark|ark.yml|-|ark ark-sidecar|24|30|sidecar|ARK: Survival Evolved 21241282 + native connector + Takaro sidecar|ark
dune|dune.yml|-|postgres admin-rmq game-rmq text-router director gateway survival dune-takaro|24|60|sidecar|Dune: Awakening self-hosted battlegroup (Steam tool 4754530) + Takaro TypeScript sidecar (RabbitMQ + Postgres); optional LD_PRELOAD plugin|dune-dev
games/terraria/mod/src games/terraria/version.txt
games/minecraft/mod/core games/minecraft/mod/paper games/minecraft/mod/gradle games/minecraft/mod/build.gradle.kts games/minecraft/mod/settings.gradle.kts
games/minecraft/mod/core games/minecraft/mod/neoforge games/minecraft/mod/gradle games/minecraft/mod/build.gradle.kts games/minecraft/mod/settings.gradle.kts
games/minecraft/mod/core games/minecraft/mod/fabric games/minecraft/mod/targets games/minecraft/mod/buildSrc games/minecraft/mod/gradle games/minecraft/mod/build.gradle.kts games/minecraft/mod/settings.gradle.kts catalog/minecraft
games/minecraft/mod/core games/minecraft/mod/fabric games/minecraft/mod/targets games/minecraft/mod/buildSrc games/minecraft/mod/gradle games/minecraft/mod/build.gradle.kts games/minecraft/mod/settings.gradle.kts catalog/minecraft
games/valheim/mod/src games/valheim/version.txt

games/dragonwilds/mod games/dragonwilds/sidecar/src games/dragonwilds/version.txt
games/vein/mod games/vein/sidecar/src games/vein/version.txt
games/rust/mod games/rust/version.txt
games/7d2d/mod/src games/7d2d/mod/Takaro.csproj games/7d2d/mod/ModInfo.xml games/7d2d/version.txt
games/zomboid/mod/core games/zomboid/mod/agent games/zomboid/mod/gradle games/zomboid/mod/build.gradle.kts games/zomboid/mod/settings.gradle.kts games/zomboid/version.txt

games/conan-exiles/bridge/src games/conan-exiles/bridge/package.json games/conan-exiles/bridge/tsconfig.json
games/ark/mod/src games/ark/sidecar/src games/ark/sidecar/package-lock.json games/ark/scripts catalog/ark
games/dune/mod games/dune/sidecar/src games/dune/version.txt catalog/dune
